mode: atomic
sezzle-calculator/internal/apperror/error.go:12.32,12.52 1 2
sezzle-calculator/internal/apperror/error.go:14.39,14.70 1 1
sezzle-calculator/internal/apperror/error.go:17.52,19.2 1 3
sezzle-calculator/internal/httpapi/calculate.go:16.56,18.34 2 33
sezzle-calculator/internal/httpapi/calculate.go:18.34,20.3 1 14
sezzle-calculator/internal/httpapi/calculate.go:21.2,21.18 1 19
sezzle-calculator/internal/httpapi/calculate.go:21.18,24.3 2 1
sezzle-calculator/internal/httpapi/calculate.go:25.2,26.12 2 18
sezzle-calculator/internal/httpapi/calculate.go:26.12,28.3 1 1
sezzle-calculator/internal/httpapi/calculate.go:29.2,30.20 2 17
sezzle-calculator/internal/httpapi/calculate.go:30.20,33.3 2 8
sezzle-calculator/internal/httpapi/calculate.go:34.2,34.67 1 9
sezzle-calculator/internal/httpapi/calculate.go:37.78,39.32 2 18
sezzle-calculator/internal/httpapi/calculate.go:39.32,40.21 1 29
sezzle-calculator/internal/httpapi/calculate.go:40.21,43.4 2 1
sezzle-calculator/internal/httpapi/calculate.go:44.3,44.25 1 28
sezzle-calculator/internal/httpapi/calculate.go:46.2,46.23 1 17
sezzle-calculator/internal/httpapi/calculate.go:49.46,50.63 1 8
sezzle-calculator/internal/httpapi/calculate.go:50.63,52.3 1 5
sezzle-calculator/internal/httpapi/calculate.go:53.2,53.39 1 3
sezzle-calculator/internal/httpapi/evaluate.go:15.55,17.34 2 20
sezzle-calculator/internal/httpapi/evaluate.go:17.34,19.3 1 3
sezzle-calculator/internal/httpapi/evaluate.go:20.2,20.18 1 17
sezzle-calculator/internal/httpapi/evaluate.go:20.18,23.3 2 1
sezzle-calculator/internal/httpapi/evaluate.go:24.2,25.16 2 16
sezzle-calculator/internal/httpapi/evaluate.go:25.16,28.3 2 15
sezzle-calculator/internal/httpapi/evaluate.go:29.2,29.67 1 1
sezzle-calculator/internal/httpapi/evaluate.go:32.83,36.2 1 15
sezzle-calculator/internal/httpapi/evaluate.go:38.45,39.14 1 15
sezzle-calculator/internal/httpapi/evaluate.go:40.65,41.40 1 3
sezzle-calculator/internal/httpapi/evaluate.go:42.10,43.31 1 12
sezzle-calculator/internal/httpapi/handler.go:12.48,19.2 6 58
sezzle-calculator/internal/httpapi/handler.go:21.53,22.32 1 2
sezzle-calculator/internal/httpapi/handler.go:22.32,26.3 3 1
sezzle-calculator/internal/httpapi/handler.go:27.2,27.64 1 1
sezzle-calculator/internal/httpapi/handler.go:30.53,32.21 2 58
sezzle-calculator/internal/httpapi/handler.go:32.21,34.3 1 1
sezzle-calculator/internal/httpapi/handler.go:35.2,35.71 1 58
sezzle-calculator/internal/httpapi/handler.go:35.71,36.62 1 4
sezzle-calculator/internal/httpapi/handler.go:36.62,39.4 2 1
sezzle-calculator/internal/httpapi/handler.go:40.3,40.73 1 3
sezzle-calculator/internal/httpapi/request.go:15.77,16.33 1 53
sezzle-calculator/internal/httpapi/request.go:16.33,20.3 3 2
sezzle-calculator/internal/httpapi/request.go:21.2,22.51 2 51
sezzle-calculator/internal/httpapi/request.go:22.51,25.3 2 2
sezzle-calculator/internal/httpapi/request.go:26.2,29.47 4 49
sezzle-calculator/internal/httpapi/request.go:29.47,32.3 2 10
sezzle-calculator/internal/httpapi/request.go:33.2,33.55 1 39
sezzle-calculator/internal/httpapi/request.go:33.55,36.3 2 3
sezzle-calculator/internal/httpapi/request.go:37.2,37.13 1 36
sezzle-calculator/internal/httpapi/request.go:40.57,42.31 2 15
sezzle-calculator/internal/httpapi/request.go:42.31,45.3 2 2
sezzle-calculator/internal/httpapi/request.go:46.2,46.104 1 13
sezzle-calculator/internal/httpapi/response.go:14.74,18.2 1 32
sezzle-calculator/internal/httpapi/response.go:20.62,25.2 4 58
sezzle-calculator/cmd/server/main.go:19.13,31.12 8 0
sezzle-calculator/cmd/server/main.go:31.12,31.55 1 0
sezzle-calculator/cmd/server/main.go:32.2,33.9 2 0
sezzle-calculator/cmd/server/main.go:34.29,35.44 1 0
sezzle-calculator/cmd/server/main.go:35.44,37.4 1 0
sezzle-calculator/cmd/server/main.go:38.20,41.54 3 0
sezzle-calculator/cmd/server/main.go:41.54,43.4 1 0
sezzle-calculator/internal/calculator/calculator.go:17.72,19.19 2 98
sezzle-calculator/internal/calculator/calculator.go:20.70,20.70 0 84
sezzle-calculator/internal/calculator/calculator.go:21.14,22.12 1 12
sezzle-calculator/internal/calculator/calculator.go:23.10,24.79 1 2
sezzle-calculator/internal/calculator/calculator.go:26.2,26.28 1 96
sezzle-calculator/internal/calculator/calculator.go:26.28,28.3 1 4
sezzle-calculator/internal/calculator/calculator.go:29.2,29.35 1 92
sezzle-calculator/internal/calculator/calculator.go:29.35,30.52 1 172
sezzle-calculator/internal/calculator/calculator.go:30.52,32.4 1 3
sezzle-calculator/internal/calculator/calculator.go:34.2,36.19 3 89
sezzle-calculator/internal/calculator/calculator.go:37.13,38.27 1 18
sezzle-calculator/internal/calculator/calculator.go:39.18,40.27 1 6
sezzle-calculator/internal/calculator/calculator.go:41.18,42.27 1 16
sezzle-calculator/internal/calculator/calculator.go:43.16,44.23 1 16
sezzle-calculator/internal/calculator/calculator.go:44.23,46.4 1 3
sezzle-calculator/internal/calculator/calculator.go:47.3,47.27 1 13
sezzle-calculator/internal/calculator/calculator.go:48.15,49.32 1 18
sezzle-calculator/internal/calculator/calculator.go:49.32,51.4 1 1
sezzle-calculator/internal/calculator/calculator.go:52.3,52.54 1 17
sezzle-calculator/internal/calculator/calculator.go:52.54,54.4 1 2
sezzle-calculator/internal/calculator/calculator.go:55.3,55.36 1 15
sezzle-calculator/internal/calculator/calculator.go:56.14,57.12 1 10
sezzle-calculator/internal/calculator/calculator.go:57.12,59.4 1 2
sezzle-calculator/internal/calculator/calculator.go:60.3,60.24 1 8
sezzle-calculator/internal/calculator/calculator.go:61.20,62.35 1 5
sezzle-calculator/internal/calculator/calculator.go:64.2,64.49 1 81
sezzle-calculator/internal/calculator/calculator.go:64.49,66.3 1 4
sezzle-calculator/internal/calculator/calculator.go:67.2,67.17 1 77
sezzle-calculator/internal/calculator/calculator.go:67.17,69.3 1 9
sezzle-calculator/internal/calculator/calculator.go:70.2,70.20 1 77
sezzle-calculator/internal/calculator/expression.go:34.62,36.40 2 71
sezzle-calculator/internal/calculator/expression.go:36.40,38.3 1 1
sezzle-calculator/internal/calculator/expression.go:39.2,39.36 1 70
sezzle-calculator/internal/calculator/expression.go:39.36,41.3 1 7
sezzle-calculator/internal/calculator/expression.go:42.2,42.25 1 63
sezzle-calculator/internal/calculator/expression.go:42.25,44.3 1 3
sezzle-calculator/internal/calculator/expression.go:45.2,45.27 1 60
sezzle-calculator/internal/calculator/expression.go:45.27,47.3 1 1
sezzle-calculator/internal/calculator/expression.go:48.2,49.16 2 59
sezzle-calculator/internal/calculator/expression.go:49.16,51.3 1 23
sezzle-calculator/internal/calculator/expression.go:52.2,52.25 1 36
sezzle-calculator/internal/calculator/expression.go:52.25,53.28 1 3
sezzle-calculator/internal/calculator/expression.go:53.28,55.4 1 1
sezzle-calculator/internal/calculator/expression.go:56.3,56.108 1 2
sezzle-calculator/internal/calculator/expression.go:58.2,58.17 1 33
sezzle-calculator/internal/calculator/expression.go:58.17,60.3 1 3
sezzle-calculator/internal/calculator/expression.go:61.2,61.20 1 33
sezzle-calculator/internal/calculator/expression.go:64.28,64.61 1 391
sezzle-calculator/internal/calculator/expression.go:66.55,67.68 1 555
sezzle-calculator/internal/calculator/expression.go:67.68,69.3 1 574
sezzle-calculator/internal/calculator/expression.go:70.2,71.27 2 555
sezzle-calculator/internal/calculator/expression.go:71.27,74.3 2 49
sezzle-calculator/internal/calculator/expression.go:75.2,77.12 3 506
sezzle-calculator/internal/calculator/expression.go:78.53,80.13 2 316
sezzle-calculator/internal/calculator/expression.go:81.25,84.13 3 6
sezzle-calculator/internal/calculator/expression.go:86.2,86.30 1 184
sezzle-calculator/internal/calculator/expression.go:86.30,87.61 1 171
sezzle-calculator/internal/calculator/expression.go:87.61,89.4 1 29
sezzle-calculator/internal/calculator/expression.go:90.3,90.71 1 171
sezzle-calculator/internal/calculator/expression.go:90.71,92.62 2 5
sezzle-calculator/internal/calculator/expression.go:92.62,94.5 1 3
sezzle-calculator/internal/calculator/expression.go:96.3,96.88 1 171
sezzle-calculator/internal/calculator/expression.go:96.88,98.89 2 10
sezzle-calculator/internal/calculator/expression.go:98.89,100.5 1 6
sezzle-calculator/internal/calculator/expression.go:101.4,101.62 1 10
sezzle-calculator/internal/calculator/expression.go:101.62,103.5 1 21
sezzle-calculator/internal/calculator/expression.go:105.3,106.17 2 171
sezzle-calculator/internal/calculator/expression.go:106.17,108.4 1 4
sezzle-calculator/internal/calculator/expression.go:109.3,109.116 1 167
sezzle-calculator/internal/calculator/expression.go:109.116,111.4 1 2
sezzle-calculator/internal/calculator/expression.go:112.3,113.13 2 165
sezzle-calculator/internal/calculator/expression.go:115.2,115.26 1 13
sezzle-calculator/internal/calculator/expression.go:115.26,116.70 1 10
sezzle-calculator/internal/calculator/expression.go:116.70,118.4 1 29
sezzle-calculator/internal/calculator/expression.go:119.3,119.48 1 10
sezzle-calculator/internal/calculator/expression.go:119.48,122.4 2 9
sezzle-calculator/internal/calculator/expression.go:123.3,123.148 1 1
sezzle-calculator/internal/calculator/expression.go:125.2,125.105 1 3
sezzle-calculator/internal/calculator/expression.go:128.85,129.32 1 338
sezzle-calculator/internal/calculator/expression.go:129.32,131.3 1 3
sezzle-calculator/internal/calculator/expression.go:132.2,133.36 2 335
sezzle-calculator/internal/calculator/expression.go:133.36,135.3 1 2
sezzle-calculator/internal/calculator/expression.go:136.2,138.20 3 333
sezzle-calculator/internal/calculator/expression.go:139.11,140.22 1 157
sezzle-calculator/internal/calculator/expression.go:141.16,143.38 2 79
sezzle-calculator/internal/calculator/expression.go:143.38,145.4 1 12
sezzle-calculator/internal/calculator/expression.go:146.11,147.33 1 81
sezzle-calculator/internal/calculator/expression.go:148.13,149.28 1 10
sezzle-calculator/internal/calculator/expression.go:149.28,151.4 1 1
sezzle-calculator/internal/calculator/expression.go:152.3,152.36 1 9
sezzle-calculator/internal/calculator/expression.go:152.36,154.4 1 9
sezzle-calculator/internal/calculator/expression.go:155.3,155.17 1 9
sezzle-calculator/internal/calculator/expression.go:155.17,157.4 1 7
sezzle-calculator/internal/calculator/expression.go:158.10,159.43 1 6
sezzle-calculator/internal/calculator/expression.go:159.43,161.4 1 3
sezzle-calculator/internal/calculator/expression.go:162.3,162.144 1 3
sezzle-calculator/internal/calculator/expression.go:164.2,164.16 1 326
sezzle-calculator/internal/calculator/expression.go:164.16,166.3 1 138
sezzle-calculator/internal/calculator/expression.go:167.2,167.6 1 188
sezzle-calculator/internal/calculator/expression.go:167.6,169.21 2 238
sezzle-calculator/internal/calculator/expression.go:169.21,170.23 1 7
sezzle-calculator/internal/calculator/expression.go:170.23,171.10 1 0
sezzle-calculator/internal/calculator/expression.go:173.4,173.38 1 7
sezzle-calculator/internal/calculator/expression.go:173.38,175.5 1 0
sezzle-calculator/internal/calculator/expression.go:176.4,177.18 2 7
sezzle-calculator/internal/calculator/expression.go:177.18,179.5 1 0
sezzle-calculator/internal/calculator/expression.go:180.4,180.12 1 7
sezzle-calculator/internal/calculator/expression.go:182.3,184.18 3 231
sezzle-calculator/internal/calculator/expression.go:185.12,186.34 1 18
sezzle-calculator/internal/calculator/expression.go:187.12,188.39 1 6
sezzle-calculator/internal/calculator/expression.go:189.12,190.39 1 15
sezzle-calculator/internal/calculator/expression.go:191.12,192.37 1 7
sezzle-calculator/internal/calculator/expression.go:193.12,194.36 1 75
sezzle-calculator/internal/calculator/expression.go:195.11,196.20 1 110
sezzle-calculator/internal/calculator/expression.go:198.3,198.27 1 121
sezzle-calculator/internal/calculator/expression.go:198.27,199.9 1 6
sezzle-calculator/internal/calculator/expression.go:201.3,201.37 1 115
sezzle-calculator/internal/calculator/expression.go:201.37,203.4 1 1
sezzle-calculator/internal/calculator/expression.go:204.3,204.51 1 114
sezzle-calculator/internal/calculator/expression.go:204.51,206.4 1 2
sezzle-calculator/internal/calculator/expression.go:207.3,208.21 2 112
sezzle-calculator/internal/calculator/expression.go:208.21,210.4 1 75
sezzle-calculator/internal/calculator/expression.go:211.3,212.17 2 112
sezzle-calculator/internal/calculator/expression.go:212.17,214.4 1 66
sezzle-calculator/internal/calculator/expression.go:215.3,216.17 2 46
sezzle-calculator/internal/calculator/expression.go:216.17,218.4 1 3
sezzle-calculator/internal/calculator/expression.go:220.2,220.18 1 6
sezzle-calculator/internal/calculator/expression.go:223.73,224.27 1 90
sezzle-calculator/internal/calculator/expression.go:224.27,226.3 1 2
sezzle-calculator/internal/calculator/expression.go:227.2,228.16 2 88
sezzle-calculator/internal/calculator/expression.go:228.16,230.3 1 67
sezzle-calculator/internal/calculator/expression.go:231.2,231.27 1 21
sezzle-calculator/internal/calculator/expression.go:231.27,232.26 1 2
sezzle-calculator/internal/calculator/expression.go:232.26,234.4 1 1
sezzle-calculator/internal/calculator/expression.go:235.3,235.108 1 1
sezzle-calculator/internal/calculator/expression.go:237.2,237.36 1 19
sezzle-calculator/internal/calculator/expression.go:237.36,239.3 1 0
sezzle-calculator/internal/calculator/expression.go:240.2,240.19 1 19
sezzle-calculator/internal/calculator/expression.go:243.114,245.16 2 60
sezzle-calculator/internal/calculator/expression.go:245.16,247.3 1 4
sezzle-calculator/internal/calculator/expression.go:248.2,248.20 1 56
